[0.084s] DEBUG:colcon:Command line arguments: ['/usr/bin/colcon', 'build', '--symlink-install']
[0.084s] DEBUG:colcon:Parsed command line arguments: Namespace(log_base=None, log_level=None, verb_name='build', build_base='build', install_base='install', merge_install=False, symlink_install=True, test_result_base=None, continue_on_error=False, executor='parallel', parallel_workers=8, event_handlers=None, ignore_user_meta=False, metas=['./colcon.meta'], base_paths=['.'], packages_ignore=None, packages_ignore_regex=None, paths=None, packages_up_to=None, packages_up_to_regex=None, packages_above=None, packages_above_and_dependencies=None, packages_above_depth=None, packages_select_by_dep=None, packages_skip_by_dep=None, packages_skip_up_to=None, packages_select_build_failed=False, packages_skip_build_finished=False, packages_select_test_failures=False, packages_skip_test_passed=False, packages_select=None, packages_skip=None, packages_select_regex=None, packages_skip_regex=None, packages_start=None, packages_end=None, cmake_args=None, cmake_target=None, cmake_target_skip_unavailable=False, cmake_clean_cache=False, cmake_clean_first=False, cmake_force_configure=False, ament_cmake_args=None, catkin_cmake_args=None, catkin_skip_building_tests=False, mixin_files=None, mixin=None, verb_parser=<colcon_mixin.mixin.mixin_argument.MixinArgumentDecorator object at 0x7fa12559eb40>, verb_extension=<colcon_core.verb.build.BuildVerb object at 0x7fa12559e930>, main=<bound method BuildVerb.main of <colcon_core.verb.build.BuildVerb object at 0x7fa12559e930>>, mixin_verb=('build',))
[0.114s] Level 1:colcon.colcon_core.package_discovery:discover_packages(colcon_meta) check parameters
[0.115s] INFO:colcon.colcon_metadata.package_discovery.colcon_meta:Using configuration from '/root/.colcon/metadata/default/Gazebo.meta'
[0.115s] INFO:colcon.colcon_metadata.package_discovery.colcon_meta:Using configuration from '/root/.colcon/metadata/default/fastdds.meta'
[0.115s] INFO:colcon.colcon_metadata.package_discovery.colcon_meta:Using configuration from '/root/.colcon/metadata/default/fastrtps.meta'
[0.115s] Level 1:colcon.colcon_core.package_discovery:discover_packages(recursive) check parameters
[0.115s] Level 1:colcon.colcon_core.package_discovery:discover_packages(ignore) check parameters
[0.115s] Level 1:colcon.colcon_core.package_discovery:discover_packages(path) check parameters
[0.115s] Level 1:colcon.colcon_core.package_discovery:discover_packages(colcon_meta) discover
[0.115s] Level 1:colcon.colcon_core.package_discovery:discover_packages(recursive) discover
[0.115s] INFO:colcon.colcon_core.package_discovery:Crawling recursively for packages in '/workspace/ros2'
[0.115s] Level 1:colcon.colcon_core.package_identification:_identify(.) by extensions ['ignore', 'ignore_ament_install']
[0.115s] Level 1:colcon.colcon_core.package_identification:_identify(.) by extension 'ignore'
[0.115s] Level 1:colcon.colcon_core.package_identification:_identify(.) by extension 'ignore_ament_install'
[0.115s] Level 1:colcon.colcon_core.package_identification:_identify(.) by extensions ['colcon_pkg']
[0.115s] Level 1:colcon.colcon_core.package_identification:_identify(.) by extension 'colcon_pkg'
[0.115s] Level 1:colcon.colcon_core.package_identification:_identify(.) by extensions ['colcon_meta']
[0.115s] Level 1:colcon.colcon_core.package_identification:_identify(.) by extension 'colcon_meta'
[0.115s] Level 1:colcon.colcon_core.package_identification:_identify(.) by extensions ['ros']
[0.115s] Level 1:colcon.colcon_core.package_identification:_identify(.) by extension 'ros'
[0.134s] Level 1:colcon.colcon_core.package_identification:_identify(.) by extensions ['cmake', 'python']
[0.135s] Level 1:colcon.colcon_core.package_identification:_identify(.) by extension 'cmake'
[0.135s] Level 1:colcon.colcon_core.package_identification:_identify(.) by extension 'python'
[0.135s] Level 1:colcon.colcon_core.package_identification:_identify(.) by extensions ['python_setup_py']
[0.135s] Level 1:colcon.colcon_core.package_identification:_identify(.) by extension 'python_setup_py'
[0.135s] Level 1:colcon.colcon_core.package_identification:_identify(build) by extensions ['ignore', 'ignore_ament_install']
[0.135s] Level 1:colcon.colcon_core.package_identification:_identify(build) by extension 'ignore'
[0.135s] Level 1:colcon.colcon_core.package_identification:_identify(build) ignored
[0.135s] Level 1:colcon.colcon_core.package_identification:_identify(install) by extensions ['ignore', 'ignore_ament_install']
[0.135s] Level 1:colcon.colcon_core.package_identification:_identify(install) by extension 'ignore'
[0.135s] Level 1:colcon.colcon_core.package_identification:_identify(install) ignored
[0.135s] Level 1:colcon.colcon_core.package_identification:_identify(log) by extensions ['ignore', 'ignore_ament_install']
[0.135s] Level 1:colcon.colcon_core.package_identification:_identify(log) by extension 'ignore'
[0.135s] Level 1:colcon.colcon_core.package_identification:_identify(log) ignored
[0.135s] Level 1:colcon.colcon_core.package_identification:_identify(src) by extensions ['ignore', 'ignore_ament_install']
[0.135s] Level 1:colcon.colcon_core.package_identification:_identify(src) by extension 'ignore'
[0.135s] Level 1:colcon.colcon_core.package_identification:_identify(src) by extension 'ignore_ament_install'
[0.135s] Level 1:colcon.colcon_core.package_identification:_identify(src) by extensions ['colcon_pkg']
[0.135s] Level 1:colcon.colcon_core.package_identification:_identify(src) by extension 'colcon_pkg'
[0.135s] Level 1:colcon.colcon_core.package_identification:_identify(src) by extensions ['colcon_meta']
[0.135s] Level 1:colcon.colcon_core.package_identification:_identify(src) by extension 'colcon_meta'
[0.135s] Level 1:colcon.colcon_core.package_identification:_identify(src) by extensions ['ros']
[0.135s] Level 1:colcon.colcon_core.package_identification:_identify(src) by extension 'ros'
[0.135s] Level 1:colcon.colcon_core.package_identification:_identify(src) by extensions ['cmake', 'python']
[0.135s] Level 1:colcon.colcon_core.package_identification:_identify(src) by extension 'cmake'
[0.135s] Level 1:colcon.colcon_core.package_identification:_identify(src) by extension 'python'
[0.135s] Level 1:colcon.colcon_core.package_identification:_identify(src) by extensions ['python_setup_py']
[0.135s] Level 1:colcon.colcon_core.package_identification:_identify(src) by extension 'python_setup_py'
[0.135s] Level 1:colcon.colcon_core.package_identification:_identify(src/netlab_swarm_demo) by extensions ['ignore', 'ignore_ament_install']
[0.136s] Level 1:colcon.colcon_core.package_identification:_identify(src/netlab_swarm_demo) by extension 'ignore'
[0.136s] Level 1:colcon.colcon_core.package_identification:_identify(src/netlab_swarm_demo) by extension 'ignore_ament_install'
[0.136s] Level 1:colcon.colcon_core.package_identification:_identify(src/netlab_swarm_demo) by extensions ['colcon_pkg']
[0.136s] Level 1:colcon.colcon_core.package_identification:_identify(src/netlab_swarm_demo) by extension 'colcon_pkg'
[0.136s] Level 1:colcon.colcon_core.package_identification:_identify(src/netlab_swarm_demo) by extensions ['colcon_meta']
[0.136s] Level 1:colcon.colcon_core.package_identification:_identify(src/netlab_swarm_demo) by extension 'colcon_meta'
[0.136s] Level 1:colcon.colcon_core.package_identification:_identify(src/netlab_swarm_demo) by extensions ['ros']
[0.136s] Level 1:colcon.colcon_core.package_identification:_identify(src/netlab_swarm_demo) by extension 'ros'
[0.137s] DEBUG:colcon.colcon_core.package_identification:Package 'src/netlab_swarm_demo' with type 'ros.ament_python' and name 'netlab_swarm_demo'
[0.137s] Level 1:colcon.colcon_core.package_discovery:discover_packages(recursive) using defaults
[0.137s] Level 1:colcon.colcon_core.package_discovery:discover_packages(ignore) discover
[0.137s] Level 1:colcon.colcon_core.package_discovery:discover_packages(ignore) using defaults
[0.137s] Level 1:colcon.colcon_core.package_discovery:discover_packages(path) discover
[0.137s] Level 1:colcon.colcon_core.package_discovery:discover_packages(path) using defaults
[0.155s] Level 5:colcon.colcon_core.verb:set package 'netlab_swarm_demo' build argument 'cmake_args' from command line to 'None'
[0.155s] Level 5:colcon.colcon_core.verb:set package 'netlab_swarm_demo' build argument 'cmake_target' from command line to 'None'
[0.155s] Level 5:colcon.colcon_core.verb:set package 'netlab_swarm_demo' build argument 'cmake_target_skip_unavailable' from command line to 'False'
[0.155s] Level 5:colcon.colcon_core.verb:set package 'netlab_swarm_demo' build argument 'cmake_clean_cache' from command line to 'False'
[0.155s] Level 5:colcon.colcon_core.verb:set package 'netlab_swarm_demo' build argument 'cmake_clean_first' from command line to 'False'
[0.155s] Level 5:colcon.colcon_core.verb:set package 'netlab_swarm_demo' build argument 'cmake_force_configure' from command line to 'False'
[0.155s] Level 5:colcon.colcon_core.verb:set package 'netlab_swarm_demo' build argument 'ament_cmake_args' from command line to 'None'
[0.155s] Level 5:colcon.colcon_core.verb:set package 'netlab_swarm_demo' build argument 'catkin_cmake_args' from command line to 'None'
[0.155s] Level 5:colcon.colcon_core.verb:set package 'netlab_swarm_demo' build argument 'catkin_skip_building_tests' from command line to 'False'
[0.155s] DEBUG:colcon.colcon_core.verb:Building package 'netlab_swarm_demo' with the following arguments: {'ament_cmake_args': None, 'build_base': '/workspace/ros2/build/netlab_swarm_demo', 'catkin_cmake_args': None, 'catkin_skip_building_tests': False, 'cmake_args': None, 'cmake_clean_cache': False, 'cmake_clean_first': False, 'cmake_force_configure': False, 'cmake_target': None, 'cmake_target_skip_unavailable': False, 'install_base': '/workspace/ros2/install/netlab_swarm_demo', 'merge_install': False, 'path': '/workspace/ros2/src/netlab_swarm_demo', 'symlink_install': True, 'test_result_base': None}
[0.155s] INFO:colcon.colcon_core.executor:Executing jobs using 'parallel' executor
[0.156s] DEBUG:colcon.colcon_parallel_executor.executor.parallel:run_until_complete
[0.156s] INFO:colcon.colcon_ros.task.ament_python.build:Building ROS package in '/workspace/ros2/src/netlab_swarm_demo' with build type 'ament_python'
[0.156s] Level 1:colcon.colcon_core.shell:create_environment_hook('netlab_swarm_demo', 'ament_prefix_path')
[0.158s] INFO:colcon.colcon_core.plugin_system:Skipping extension 'colcon_core.shell.bat': Not used on non-Windows systems
[0.158s] INFO:colcon.colcon_core.shell:Creating environment hook '/workspace/ros2/install/netlab_swarm_demo/share/netlab_swarm_demo/hook/ament_prefix_path.ps1'
[0.159s] INFO:colcon.colcon_core.shell:Creating environment descriptor '/workspace/ros2/install/netlab_swarm_demo/share/netlab_swarm_demo/hook/ament_prefix_path.dsv'
[0.159s] INFO:colcon.colcon_core.shell:Creating environment hook '/workspace/ros2/install/netlab_swarm_demo/share/netlab_swarm_demo/hook/ament_prefix_path.sh'
[0.159s] INFO:colcon.colcon_core.shell:Skip shell extension 'powershell' for command environment: Not usable outside of PowerShell
[0.159s] DEBUG:colcon.colcon_core.shell:Skip shell extension 'dsv' for command environment
[0.301s] INFO:colcon.colcon_core.task.python.build:Building Python package in '/workspace/ros2/src/netlab_swarm_demo'
[0.301s] INFO:colcon.colcon_core.shell:Skip shell extension 'powershell' for command environment: Not usable outside of PowerShell
[0.302s] DEBUG:colcon.colcon_core.shell:Skip shell extension 'dsv' for command environment
[0.660s] DEBUG:colcon.colcon_core.event_handler.log_command:Invoking command in '/workspace/ros2/build/netlab_swarm_demo': PYTHONPATH=/workspace/ros2/build/netlab_swarm_demo/prefix_override:/usr/lib/python3/dist-packages/colcon_core/task/python/colcon_distutils_commands:/workspace/ros2/install/netlab_swarm_demo/lib/python3.12/site-packages:${PYTHONPATH} /usr/bin/python3 -W ignore:setup.py install is deprecated -W ignore:easy_install command is deprecated setup.py develop --editable --build-directory /workspace/ros2/build/netlab_swarm_demo/build --no-deps symlink_data
[1.010s] Level 1:colcon.colcon_core.shell:create_environment_hook('netlab_swarm_demo', 'pythonpath_develop')
[1.010s] INFO:colcon.colcon_core.shell:Creating environment hook '/workspace/ros2/build/netlab_swarm_demo/share/netlab_swarm_demo/hook/pythonpath_develop.ps1'
[1.010s] DEBUG:colcon.colcon_core.event_handler.log_command:Invoked command in '/workspace/ros2/build/netlab_swarm_demo' returned '0': PYTHONPATH=/workspace/ros2/build/netlab_swarm_demo/prefix_override:/usr/lib/python3/dist-packages/colcon_core/task/python/colcon_distutils_commands:/workspace/ros2/install/netlab_swarm_demo/lib/python3.12/site-packages:${PYTHONPATH} /usr/bin/python3 -W ignore:setup.py install is deprecated -W ignore:easy_install command is deprecated setup.py develop --editable --build-directory /workspace/ros2/build/netlab_swarm_demo/build --no-deps symlink_data
[1.010s] INFO:colcon.colcon_core.shell:Creating environment descriptor '/workspace/ros2/build/netlab_swarm_demo/share/netlab_swarm_demo/hook/pythonpath_develop.dsv'
[1.011s] INFO:colcon.colcon_core.shell:Creating environment hook '/workspace/ros2/build/netlab_swarm_demo/share/netlab_swarm_demo/hook/pythonpath_develop.sh'
[1.013s] Level 1:colcon.colcon_core.environment:checking '/workspace/ros2/install/netlab_swarm_demo' for CMake module files
[1.013s] Level 1:colcon.colcon_core.environment:checking '/workspace/ros2/install/netlab_swarm_demo' for CMake config files
[1.013s] Level 1:colcon.colcon_core.environment:checking '/workspace/ros2/install/netlab_swarm_demo/lib'
[1.013s] Level 1:colcon.colcon_core.environment:checking '/workspace/ros2/install/netlab_swarm_demo/bin'
[1.014s] Level 1:colcon.colcon_core.environment:checking '/workspace/ros2/install/netlab_swarm_demo/lib/pkgconfig/netlab_swarm_demo.pc'
[1.014s] Level 1:colcon.colcon_core.environment:checking '/workspace/ros2/install/netlab_swarm_demo/lib/python3.12/site-packages'
[1.014s] Level 1:colcon.colcon_core.shell:create_environment_hook('netlab_swarm_demo', 'pythonpath')
[1.014s] INFO:colcon.colcon_core.shell:Creating environment hook '/workspace/ros2/install/netlab_swarm_demo/share/netlab_swarm_demo/hook/pythonpath.ps1'
[1.014s] INFO:colcon.colcon_core.shell:Creating environment descriptor '/workspace/ros2/install/netlab_swarm_demo/share/netlab_swarm_demo/hook/pythonpath.dsv'
[1.014s] INFO:colcon.colcon_core.shell:Creating environment hook '/workspace/ros2/install/netlab_swarm_demo/share/netlab_swarm_demo/hook/pythonpath.sh'
[1.015s] Level 1:colcon.colcon_core.environment:checking '/workspace/ros2/install/netlab_swarm_demo/bin'
[1.015s] Level 1:colcon.colcon_core.environment:create_environment_scripts_only(netlab_swarm_demo)
[1.015s] INFO:colcon.colcon_core.shell:Creating package script '/workspace/ros2/install/netlab_swarm_demo/share/netlab_swarm_demo/package.ps1'
[1.016s] INFO:colcon.colcon_core.shell:Creating package descriptor '/workspace/ros2/install/netlab_swarm_demo/share/netlab_swarm_demo/package.dsv'
[1.016s] INFO:colcon.colcon_core.shell:Creating package script '/workspace/ros2/install/netlab_swarm_demo/share/netlab_swarm_demo/package.sh'
[1.016s] INFO:colcon.colcon_core.shell:Creating package script '/workspace/ros2/install/netlab_swarm_demo/share/netlab_swarm_demo/package.bash'
[1.017s] INFO:colcon.colcon_core.shell:Creating package script '/workspace/ros2/install/netlab_swarm_demo/share/netlab_swarm_demo/package.zsh'
[1.017s] Level 1:colcon.colcon_core.environment:create_file_with_runtime_dependencies(/workspace/ros2/install/netlab_swarm_demo/share/colcon-core/packages/netlab_swarm_demo)
[1.018s] DEBUG:colcon.colcon_parallel_executor.executor.parallel:closing loop
[1.018s] DEBUG:colcon.colcon_parallel_executor.executor.parallel:loop closed
[1.018s] DEBUG:colcon.colcon_parallel_executor.executor.parallel:run_until_complete finished with '0'
[1.018s] DEBUG:colcon.colcon_core.event_reactor:joining thread
[1.022s] INFO:colcon.colcon_core.plugin_system:Skipping extension 'colcon_notification.desktop_notification.notify_send': Could not find 'notify-send'
[1.022s] INFO:colcon.colcon_core.plugin_system:Skipping extension 'colcon_notification.desktop_notification.terminal_notifier': Not used on non-Darwin systems
[1.022s] INFO:colcon.colcon_core.plugin_system:Skipping extension 'colcon_notification.desktop_notification.win32': Not used on non-Windows systems
[1.022s] INFO:colcon.colcon_notification.desktop_notification:Sending desktop notification using 'notify2'
[1.022s] DEBUG:colcon.colcon_notification.desktop_notification.notify2:Failed to initialize notify2: org.freedesktop.DBus.Error.NotSupported: Unable to autolaunch a dbus-daemon without a $DISPLAY for X11
[1.022s] DEBUG:colcon.colcon_core.event_reactor:joined thread
[1.022s] INFO:colcon.colcon_core.shell:Creating prefix script '/workspace/ros2/install/local_setup.ps1'
[1.023s] INFO:colcon.colcon_core.shell:Creating prefix util module '/workspace/ros2/install/_local_setup_util_ps1.py'
[1.024s] INFO:colcon.colcon_core.shell:Creating prefix chain script '/workspace/ros2/install/setup.ps1'
[1.025s] INFO:colcon.colcon_core.shell:Creating prefix script '/workspace/ros2/install/local_setup.sh'
[1.025s] INFO:colcon.colcon_core.shell:Creating prefix util module '/workspace/ros2/install/_local_setup_util_sh.py'
[1.026s] INFO:colcon.colcon_core.shell:Creating prefix chain script '/workspace/ros2/install/setup.sh'
[1.027s] INFO:colcon.colcon_core.shell:Creating prefix script '/workspace/ros2/install/local_setup.bash'
[1.027s] INFO:colcon.colcon_core.shell:Creating prefix chain script '/workspace/ros2/install/setup.bash'
[1.028s] INFO:colcon.colcon_core.shell:Creating prefix script '/workspace/ros2/install/local_setup.zsh'
[1.028s] INFO:colcon.colcon_core.shell:Creating prefix chain script '/workspace/ros2/install/setup.zsh'
