[0.000000] (-) TimerEvent: {}
[0.000078] (netlab_swarm_demo) JobQueued: {'identifier': 'netlab_swarm_demo', 'dependencies': OrderedDict()}
[0.000310] (netlab_swarm_demo) JobStarted: {'identifier': 'netlab_swarm_demo'}
[0.099896] (-) TimerEvent: {}
[0.200044] (-) TimerEvent: {}
[0.300192] (-) TimerEvent: {}
[0.400336] (-) TimerEvent: {}
[0.500475] (-) TimerEvent: {}
[0.501021] (netlab_swarm_demo) Command: {'cmd': ['/usr/bin/python3', '-W', 'ignore:setup.py install is deprecated', '-W', 'ignore:easy_install command is deprecated', 'setup.py', 'develop', '--editable', '--build-directory', '/workspace/ros2/build/netlab_swarm_demo/build', '--no-deps', 'symlink_data'], 'cwd': '/workspace/ros2/build/netlab_swarm_demo', 'env': {'HOSTNAME': 'brev-kea7kmw4d', 'SHLVL': '1', 'LD_LIBRARY_PATH': '/opt/ros/jazzy/lib/x86_64-linux-gnu:/opt/ros/jazzy/lib', 'HOME': '/root', 'OLDPWD': '/workspace/ros2', 'ROS_PYTHON_VERSION': '3', 'ROS_DISTRO': 'jazzy', '_': '/usr/bin/colcon', 'ROS_VERSION': '2', 'PATH': '/opt/ros/jazzy/bin:/usr/local/sbin:/usr/local/bin:/usr/sbin:/usr/bin:/sbin:/bin', 'FASTRTPS_DEFAULT_PROFILES_FILE': '/workspace/shared/fastdds.xml', 'LANG': 'C.UTF-8', 'RMW_IMPLEMENTATION': 'rmw_fastrtps_cpp', 'ROS_DOMAIN_ID': '42', 'AMENT_PREFIX_PATH': '/opt/ros/jazzy', 'DEBIAN_FRONTEND': 'noninteractive', 'ROS_AUTOMATIC_DISCOVERY_RANGE': 'SUBNET', 'PWD': '/workspace/ros2/build/netlab_swarm_demo', 'LC_ALL': 'C.UTF-8', 'PYTHONPATH': '/workspace/ros2/build/netlab_swarm_demo/prefix_override:/usr/lib/python3/dist-packages/colcon_core/task/python/colcon_distutils_commands:/workspace/ros2/install/netlab_swarm_demo/lib/python3.12/site-packages:/opt/ros/jazzy/lib/python3.12/site-packages', 'COLCON': '1'}, 'shell': False}
[0.600564] (-) TimerEvent: {}
[0.694887] (netlab_swarm_demo) StdoutLine: {'line': b'running develop\n'}
[0.700637] (-) TimerEvent: {}
[0.791349] (netlab_swarm_demo) StdoutLine: {'line': b'running egg_info\n'}
[0.800722] (-) TimerEvent: {}
[0.802217] (netlab_swarm_demo) StdoutLine: {'line': b'writing netlab_swarm_demo.egg-info/PKG-INFO\n'}
[0.802317] (netlab_swarm_demo) StdoutLine: {'line': b'writing dependency_links to netlab_swarm_demo.egg-info/dependency_links.txt\n'}
[0.802512] (netlab_swarm_demo) StdoutLine: {'line': b'writing entry points to netlab_swarm_demo.egg-info/entry_points.txt\n'}
[0.802564] (netlab_swarm_demo) StdoutLine: {'line': b'writing requirements to netlab_swarm_demo.egg-info/requires.txt\n'}
[0.802645] (netlab_swarm_demo) StdoutLine: {'line': b'writing top-level names to netlab_swarm_demo.egg-info/top_level.txt\n'}
[0.821791] (netlab_swarm_demo) StdoutLine: {'line': b"reading manifest file 'netlab_swarm_demo.egg-info/SOURCES.txt'\n"}
[0.822189] (netlab_swarm_demo) StdoutLine: {'line': b"writing manifest file 'netlab_swarm_demo.egg-info/SOURCES.txt'\n"}
[0.833335] (netlab_swarm_demo) StdoutLine: {'line': b'running build_ext\n'}
[0.833471] (netlab_swarm_demo) StdoutLine: {'line': b'Creating /workspace/ros2/install/netlab_swarm_demo/lib/python3.12/site-packages/netlab-swarm-demo.egg-link (link to .)\n'}
[0.833923] (netlab_swarm_demo) StdoutLine: {'line': b'Installing swarm_bridge script to /workspace/ros2/install/netlab_swarm_demo/lib/netlab_swarm_demo\n'}
[0.834089] (netlab_swarm_demo) StdoutLine: {'line': b'Installing swarm_monitor script to /workspace/ros2/install/netlab_swarm_demo/lib/netlab_swarm_demo\n'}
[0.834258] (netlab_swarm_demo) StdoutLine: {'line': b'\n'}
[0.834310] (netlab_swarm_demo) StdoutLine: {'line': b'Installed /workspace/ros2/build/netlab_swarm_demo\n'}
[0.834386] (netlab_swarm_demo) StdoutLine: {'line': b'running symlink_data\n'}
[0.858290] (netlab_swarm_demo) CommandEnded: {'returncode': 0}
[0.868229] (netlab_swarm_demo) JobEnded: {'identifier': 'netlab_swarm_demo', 'rc': 0}
[0.868860] (-) EventReactorShutdown: {}
