[0.000000] (-) TimerEvent: {}
[0.001924] (netlab_swarm_demo) JobQueued: {'identifier': 'netlab_swarm_demo', 'dependencies': OrderedDict()}
[0.001956] (netlab_swarm_demo) JobStarted: {'identifier': 'netlab_swarm_demo'}
[0.099850] (-) TimerEvent: {}
[0.200124] (-) TimerEvent: {}
[0.300360] (-) TimerEvent: {}
[0.400579] (-) TimerEvent: {}
[0.495875] (netlab_swarm_demo) Command: {'cmd': ['/usr/bin/python3', '-W', 'ignore:setup.py install is deprecated', '-W', 'ignore:easy_install command is deprecated', 'setup.py', 'develop', '--editable', '--build-directory', '/workspace/ros2/build/netlab_swarm_demo/build', '--no-deps', 'symlink_data'], 'cwd': '/workspace/ros2/build/netlab_swarm_demo', 'env': {'HOSTNAME': 'brev-kea7kmw4d', 'SHLVL': '0', 'LD_LIBRARY_PATH': '/opt/ros/jazzy/lib/x86_64-linux-gnu:/opt/ros/jazzy/lib', 'HOME': '/root', 'OLDPWD': '/workspace/ros2', 'ROS_PYTHON_VERSION': '3', 'ROS_DISTRO': 'jazzy', '_': '/usr/bin/colcon', 'ROS_VERSION': '2', 'TERM': 'xterm', 'PATH': '/opt/ros/jazzy/bin:/usr/local/sbin:/usr/local/bin:/usr/sbin:/usr/bin:/sbin:/bin', 'FASTRTPS_DEFAULT_PROFILES_FILE': '/workspace/shared/fastdds.xml', 'LANG': 'C.UTF-8', 'RMW_IMPLEMENTATION': 'rmw_fastrtps_cpp', 'ROS_DOMAIN_ID': '42', 'AMENT_PREFIX_PATH': '/opt/ros/jazzy', 'DEBIAN_FRONTEND': 'noninteractive', 'ROS_AUTOMATIC_DISCOVERY_RANGE': 'SUBNET', 'PWD': '/workspace/ros2/build/netlab_swarm_demo', 'LC_ALL': 'C.UTF-8', 'PYTHONPATH': '/workspace/ros2/build/netlab_swarm_demo/prefix_override:/usr/lib/python3/dist-packages/colcon_core/task/python/colcon_distutils_commands:/workspace/ros2/install/netlab_swarm_demo/lib/python3.12/site-packages:/opt/ros/jazzy/lib/python3.12/site-packages', 'COLCON': '1'}, 'shell': False}
[0.500651] (-) TimerEvent: {}
[0.600857] (-) TimerEvent: {}
[0.701089] (-) TimerEvent: {}
[0.702774] (netlab_swarm_demo) StdoutLine: {'line': b'running develop\n'}
[0.801178] (-) TimerEvent: {}
[0.802307] (netlab_swarm_demo) StdoutLine: {'line': b'running egg_info\n'}
[0.812455] (netlab_swarm_demo) StdoutLine: {'line': b'writing netlab_swarm_demo.egg-info/PKG-INFO\n'}
[0.812706] (netlab_swarm_demo) StdoutLine: {'line': b'writing dependency_links to netlab_swarm_demo.egg-info/dependency_links.txt\n'}
[0.812906] (netlab_swarm_demo) StdoutLine: {'line': b'writing entry points to netlab_swarm_demo.egg-info/entry_points.txt\n'}
[0.813055] (netlab_swarm_demo) StdoutLine: {'line': b'writing requirements to netlab_swarm_demo.egg-info/requires.txt\n'}
[0.813195] (netlab_swarm_demo) StdoutLine: {'line': b'writing top-level names to netlab_swarm_demo.egg-info/top_level.txt\n'}
[0.834435] (netlab_swarm_demo) StdoutLine: {'line': b"reading manifest file 'netlab_swarm_demo.egg-info/SOURCES.txt'\n"}
[0.835008] (netlab_swarm_demo) StdoutLine: {'line': b"writing manifest file 'netlab_swarm_demo.egg-info/SOURCES.txt'\n"}
[0.845444] (netlab_swarm_demo) StdoutLine: {'line': b'running build_ext\n'}
[0.845671] (netlab_swarm_demo) StdoutLine: {'line': b'Creating /workspace/ros2/install/netlab_swarm_demo/lib/python3.12/site-packages/netlab-swarm-demo.egg-link (link to .)\n'}
[0.846179] (netlab_swarm_demo) StdoutLine: {'line': b'Installing swarm_bridge script to /workspace/ros2/install/netlab_swarm_demo/lib/netlab_swarm_demo\n'}
[0.846387] (netlab_swarm_demo) StdoutLine: {'line': b'Installing swarm_monitor script to /workspace/ros2/install/netlab_swarm_demo/lib/netlab_swarm_demo\n'}
[0.846614] (netlab_swarm_demo) StdoutLine: {'line': b'\n'}
[0.846741] (netlab_swarm_demo) StdoutLine: {'line': b'Installed /workspace/ros2/build/netlab_swarm_demo\n'}
[0.846827] (netlab_swarm_demo) StdoutLine: {'line': b'running symlink_data\n'}
[0.873172] (netlab_swarm_demo) CommandEnded: {'returncode': 0}
[0.881405] (netlab_swarm_demo) JobEnded: {'identifier': 'netlab_swarm_demo', 'rc': 0}
[0.882125] (-) EventReactorShutdown: {}
