running develop
running egg_info
creating netlab_swarm_demo.egg-info
writing netlab_swarm_demo.egg-info/PKG-INFO
writing dependency_links to netlab_swarm_demo.egg-info/dependency_links.txt
writing entry points to netlab_swarm_demo.egg-info/entry_points.txt
writing requirements to netlab_swarm_demo.egg-info/requires.txt
writing top-level names to netlab_swarm_demo.egg-info/top_level.txt
writing manifest file 'netlab_swarm_demo.egg-info/SOURCES.txt'
reading manifest file 'netlab_swarm_demo.egg-info/SOURCES.txt'
writing manifest file 'netlab_swarm_demo.egg-info/SOURCES.txt'
running build_ext
Creating /workspace/ros2/install/netlab_swarm_demo/lib/python3.12/site-packages/netlab-swarm-demo.egg-link (link to .)
Installing swarm_bridge script to /workspace/ros2/install/netlab_swarm_demo/lib/netlab_swarm_demo
Installing swarm_monitor script to /workspace/ros2/install/netlab_swarm_demo/lib/netlab_swarm_demo

Installed /workspace/ros2/build/netlab_swarm_demo
running symlink_data
creating /workspace/ros2/install/netlab_swarm_demo/share/ament_index
creating /workspace/ros2/install/netlab_swarm_demo/share/ament_index/resource_index
creating /workspace/ros2/install/netlab_swarm_demo/share/ament_index/resource_index/packages
symbolically linking /workspace/ros2/build/netlab_swarm_demo/resource/netlab_swarm_demo -> /workspace/ros2/install/netlab_swarm_demo/share/ament_index/resource_index/packages
symbolically linking /workspace/ros2/build/netlab_swarm_demo/package.xml -> /workspace/ros2/install/netlab_swarm_demo/share/netlab_swarm_demo
