[0.504s] Invoking command in '/workspace/ros2/build/netlab_swarm_demo': PYTHONPATH=/workspace/ros2/build/netlab_swarm_demo/prefix_override:/usr/lib/python3/dist-packages/colcon_core/task/python/colcon_distutils_commands:/workspace/ros2/install/netlab_swarm_demo/lib/python3.12/site-packages:${PYTHONPATH} /usr/bin/python3 -W ignore:setup.py install is deprecated -W ignore:easy_install command is deprecated setup.py develop --editable --build-directory /workspace/ros2/build/netlab_swarm_demo/build --no-deps symlink_data
[0.697s] running develop
[0.788s] running egg_info
[0.788s] creating netlab_swarm_demo.egg-info
[0.796s] writing netlab_swarm_demo.egg-info/PKG-INFO
[0.796s] writing dependency_links to netlab_swarm_demo.egg-info/dependency_links.txt
[0.797s] writing entry points to netlab_swarm_demo.egg-info/entry_points.txt
[0.797s] writing requirements to netlab_swarm_demo.egg-info/requires.txt
[0.797s] writing top-level names to netlab_swarm_demo.egg-info/top_level.txt
[0.797s] writing manifest file 'netlab_swarm_demo.egg-info/SOURCES.txt'
[0.818s] reading manifest file 'netlab_swarm_demo.egg-info/SOURCES.txt'
[0.818s] writing manifest file 'netlab_swarm_demo.egg-info/SOURCES.txt'
[0.828s] running build_ext
[0.828s] Creating /workspace/ros2/install/netlab_swarm_demo/lib/python3.12/site-packages/netlab-swarm-demo.egg-link (link to .)
[0.829s] Installing swarm_bridge script to /workspace/ros2/install/netlab_swarm_demo/lib/netlab_swarm_demo
[0.829s] Installing swarm_monitor script to /workspace/ros2/install/netlab_swarm_demo/lib/netlab_swarm_demo
[0.829s] 
[0.829s] Installed /workspace/ros2/build/netlab_swarm_demo
[0.829s] running symlink_data
[0.829s] creating /workspace/ros2/install/netlab_swarm_demo/share/ament_index
[0.830s] creating /workspace/ros2/install/netlab_swarm_demo/share/ament_index/resource_index
[0.830s] creating /workspace/ros2/install/netlab_swarm_demo/share/ament_index/resource_index/packages
[0.830s] symbolically linking /workspace/ros2/build/netlab_swarm_demo/resource/netlab_swarm_demo -> /workspace/ros2/install/netlab_swarm_demo/share/ament_index/resource_index/packages
[0.830s] symbolically linking /workspace/ros2/build/netlab_swarm_demo/package.xml -> /workspace/ros2/install/netlab_swarm_demo/share/netlab_swarm_demo
[0.854s] Invoked command in '/workspace/ros2/build/netlab_swarm_demo' returned '0': PYTHONPATH=/workspace/ros2/build/netlab_swarm_demo/prefix_override:/usr/lib/python3/dist-packages/colcon_core/task/python/colcon_distutils_commands:/workspace/ros2/install/netlab_swarm_demo/lib/python3.12/site-packages:${PYTHONPATH} /usr/bin/python3 -W ignore:setup.py install is deprecated -W ignore:easy_install command is deprecated setup.py develop --editable --build-directory /workspace/ros2/build/netlab_swarm_demo/build --no-deps symlink_data
